[    0.000000] Linux version 4.15.0-154-generic (buildd@lcy01-amd64-011) (gcc version 7.5.0 (Ubuntu 7.5.0-3ubuntu1~18.04)) #161-Ubuntu SMP Fri Jul 30 13:04:17 UTC 2021 (Ubuntu 4.15.0-154.161-generic 4.15.18)
[    0.000000] Command line: BOOT_IMAGE=/boot/vmlinuz-4.15.0-154-generic root=LABEL=cloudimg-rootfs ro console=tty1 console=ttyS0
[    0.000000] KERNEL supported cpus:
[    0.000000]   Intel GenuineIntel
[    0.000000]   AMD AuthenticAMD
[    0.000000]   Centaur CentaurHauls
[    0.000000] [Firmware Bug]: TSC doesn't count with P0 frequency!
[    0.000000] x86/fpu: x87 FPU will use FXSAVE
[    0.000000] e820: BIOS-provided physical RAM map:
[    0.000000] BIOS-e820: [mem 0x0000000000000000-0x000000000009fbff] usable
[    0.000000] BIOS-e820: [mem 0x000000000009fc00-0x000000000009ffff] reserved
[    0.000000] BIOS-e820: [mem 0x00000000000f0000-0x00000000000fffff] reserved
[    0.000000] BIOS-e820: [mem 0x0000000000100000-0x000000003ffeffff] usable
[    0.000000] BIOS-e820: [mem 0x000000003fff0000-0x000000003fffffff] ACPI data
[    0.000000] BIOS-e820: [mem 0x00000000fec00000-0x00000000fec00fff] reserved
[    0.000000] BIOS-e820: [mem 0x00000000fee00000-0x00000000fee00fff] reserved
[    0.000000] BIOS-e820: [mem 0x00000000fffc0000-0x00000000ffffffff] reserved
[    0.000000] NX (Execute Disable) protection: active
[    0.000000] SMBIOS 2.5 present.
[    0.000000] DMI: innotek GmbH VirtualBox/VirtualBox, BIOS VirtualBox 12/01/2006
[    0.000000] Hypervisor detected: KVM
[    0.000000] e820: last_pfn = 0x3fff0 max_arch_pfn = 0x400000000
[    0.000000] MTRR: Disabled
[    0.000000] x86/PAT: MTRRs disabled, skipping PAT initialization too.
[    0.000000] CPU MTRRs all blank - virtualized system.
[    0.000000] x86/PAT: Configuration [0-7]: WB  WT  UC- UC  WB  WT  UC- UC  
[    0.000000] found SMP MP-table at [mem 0x0009fff0-0x0009ffff]
[    0.000000] Scanning 1 areas for low memory corruption
[    0.000000] RAMDISK: [mem 0x359cf000-0x36cdefff]
[    0.000000] ACPI: Early table checksum verification disabled
[    0.000000] ACPI: RSDP 0x00000000000E0000 000024 (v02 VBOX  )
[    0.000000] ACPI: XSDT 0x000000003FFF0030 00003C (v01 VBOX   VBOXXSDT 00000001 ASL  00000061)
[    0.000000] ACPI: FACP 0x000000003FFF00F0 0000F4 (v04 VBOX   VBOXFACP 00000001 ASL  00000061)
[    0.000000] ACPI: DSDT 0x000000003FFF0470 002325 (v02 VBOX   VBOXBIOS 00000002 INTL 20100528)
[    0.000000] ACPI: FACS 0x000000003FFF0200 000040
[    0.000000] ACPI: FACS 0x000000003FFF0200 000040
[    0.000000] ACPI: APIC 0x000000003FFF0240 00005C (v02 VBOX   VBOXAPIC 00000001 ASL  00000061)
[    0.000000] ACPI: SSDT 0x000000003FFF02A0 0001CC (v01 VBOX   VBOXCPUT 00000002 INTL 20100528)
[    0.000000] ACPI: Reserving FACP table memory at [mem 0x3fff00f0-0x3fff01e3]
[    0.000000] ACPI: Reserving DSDT table memory at [mem 0x3fff0470-0x3fff2794]
[    0.000000] ACPI: Reserving FACS table memory at [mem 0x3fff0200-0x3fff023f]
[    0.000000] ACPI: Reserving FACS table memory at [mem 0x3fff0200-0x3fff023f]
[    0.000000] ACPI: Reserving APIC table memory at [mem 0x3fff0240-0x3fff029b]
[    0.000000] ACPI: Reserving SSDT table memory at [mem 0x3fff02a0-0x3fff046b]
[    0.000000] No NUMA configuration found
[    0.000000] Faking a node at [mem 0x0000000000000000-0x000000003ffeffff]
[    0.000000] NODE_DATA(0) allocated [mem 0x3ffc5000-0x3ffeffff]
[    0.000000] kvm-clock: cpu 0, msr 0:3ff44001, primary cpu clock
[    0.000000] kvm-clock: Using msrs 4b564d01 and 4b564d00
[    0.000000] kvm-clock: using sched offset of 5321273163 cycles
[    0.000000] clocksource: kvm-clock: mask: 0xffffffffffffffff max_cycles: 0x1cd42e4dffb, max_idle_ns: 881590591483 ns
[    0.000000] Zone ranges:
[    0.000000]   DMA      [mem 0x0000000000001000-0x0000000000ffffff]
[    0.000000]   DMA32    [mem 0x0000000001000000-0x000000003ffeffff]
[    0.000000]   Normal   empty
[    0.000000]   Device   empty
[    0.000000] Movable zone start for each node
[    0.000000] Early memory node ranges
[    0.000000]   node   0: [mem 0x0000000000001000-0x000000000009efff]
[    0.000000]   node   0: [mem 0x0000000000100000-0x000000003ffeffff]
[    0.000000] Reserved but unavailable: 104 pages
[    0.000000] Initmem setup node 0 [mem 0x0000000000001000-0x000000003ffeffff]
[    0.000000] ACPI: PM-Timer IO Port: 0x4008
[    0.000000] IOAPIC[0]: apic_id 2, version 32, address 0xfec00000, GSI 0-23
[    0.000000] ACPI: INT_SRC_OVR (bus 0 bus_irq 0 global_irq 2 dfl dfl)
[    0.000000] ACPI: INT_SRC_OVR (bus 0 bus_irq 9 global_irq 9 low level)
[    0.000000] Using ACPI (MADT) for SMP configuration information
[    0.000000] smpboot: Allowing 2 CPUs, 0 hotplug CPUs
[    0.000000] PM: Registered nosave memory: [mem 0x00000000-0x00000fff]
[    0.000000] PM: Registered nosave memory: [mem 0x0009f000-0x0009ffff]
[    0.000000] PM: Registered nosave memory: [mem 0x000a0000-0x000effff]
[    0.000000] PM: Registered nosave memory: [mem 0x000f0000-0x000fffff]
[    0.000000] e820: [mem 0x40000000-0xfebfffff] available for PCI devices
[    0.000000] Booting paravirtualized kernel on KVM
[    0.000000] clocksource: refined-jiffies: mask: 0xffffffff max_cycles: 0xffffffff, max_idle_ns: 7645519600211568 ns
[    0.000000] random: get_random_bytes called from start_kernel+0x99/0x500 with crng_init=0
[    0.000000] setup_percpu: NR_CPUS:8192 nr_cpumask_bits:2 nr_cpu_ids:2 nr_node_ids:1
[    0.000000] percpu: Embedded 45 pages/cpu s147456 r8192 d28672 u1048576
[    0.000000] PV qspinlock hash table entries: 256 (order: 0, 4096 bytes)
[    0.000000] Built 1 zonelists, mobility grouping on.  Total pages: 257913
[    0.000000] Policy zone: DMA32
[    0.000000] Kernel command line: BOOT_IMAGE=/boot/vmlinuz-4.15.0-154-generic root=LABEL=cloudimg-rootfs ro console=tty1 console=ttyS0
[    0.000000] Memory: 982716K/1048120K available (12300K kernel code, 2483K rwdata, 4320K rodata, 2448K init, 2724K bss, 65404K reserved, 0K cma-reserved)
[    0.000000] SLUB: HWalign=64, Order=0-3, MinObjects=0, CPUs=2, Nodes=1
[    0.000000] ftrace: allocating 39461 entries in 155 pages
[    0.004000] Hierarchical RCU implementation.
[    0.004000] 	RCU restricting CPUs from NR_CPUS=8192 to nr_cpu_ids=2.
[    0.004000] 	Tasks RCU enabled.
[    0.004000] RCU: Adjusting geometry for rcu_fanout_leaf=16, nr_cpu_ids=2
[    0.004000] NR_IRQS: 524544, nr_irqs: 440, preallocated irqs: 16
[    0.004000] Console: colour VGA+ 80x25
[    0.004000] console [tty1] enabled
[    0.004000] console [ttyS0] enabled
[    0.004000] ACPI: Core revision 20170831
[    0.004000] ACPI: 2 ACPI AML tables successfully acquired and loaded
[    0.004000] APIC: Switch to symmetric I/O mode setup
[    0.004000] ..TIMER: vector=0x30 apic1=0 pin1=2 apic2=-1 pin2=-1
[    0.004000] tsc: Detected 2299.924 MHz processor
[    0.004000] Calibrating delay loop (skipped) preset value.. 4599.84 BogoMIPS (lpj=9199696)
[    0.004012] pid_max: default: 32768 minimum: 301
[    0.008159] Security Framework initialized
[    0.012011] Yama: becoming mindful.
[    0.016150] AppArmor: AppArmor initialized
[    0.033669] Dentry cache hash table entries: 131072 (order: 8, 1048576 bytes)
[    0.045187] Inode-cache hash table entries: 65536 (order: 7, 524288 bytes)
[    0.048149] Mount-cache hash table entries: 2048 (order: 2, 16384 bytes)
[    0.052151] Mountpoint-cache hash table entries: 2048 (order: 2, 16384 bytes)
[    0.060613] Last level iTLB entries: 4KB 1024, 2MB 1024, 4MB 512
[    0.064012] Last level dTLB entries: 4KB 1536, 2MB 1536, 4MB 768, 1GB 0
[    0.068010] Spectre V1 : Mitigation: usercopy/swapgs barriers and __user pointer sanitization
[    0.072013] Spectre V2 : Spectre mitigation: LFENCE not serializing, switching to generic retpoline
[    0.076013] Spectre V2 : Mitigation: Full generic retpoline
[    0.080009] Spectre V2 : Spectre v2 / SpectreRSB mitigation: Filling RSB on context switch
[    0.084017] Speculative Store Bypass: Mitigation: Speculative Store Bypass disabled via prctl and seccomp
[    0.088205] Freeing SMP alternatives memory: 36K
[    0.204605] smpboot: CPU0: AMD Ryzen 7 3700U with Radeon Vega Mobile Gfx (family: 0x17, model: 0x18, stepping: 0x1)
[    0.208659] Performance Events: PMU not available due to virtualization, using software events only.
[    0.212461] Hierarchical SRCU implementation.
[    0.221029] NMI watchdog: Perf event create on CPU 0 failed with -2
[    0.224011] NMI watchdog: Perf NMI watchdog permanently disabled
[    0.228567] smp: Bringing up secondary CPUs ...
[    0.238251] x86: Booting SMP configuration:
[    0.240015] .... node  #0, CPUs:      #1
[    0.004000] kvm-clock: cpu 1, msr 0:3ff44041, secondary cpu clock
[    0.255847] TSC synchronization [CPU#0 -> CPU#1]:
[    0.256000] Measured 57647 cycles TSC warp between CPUs, turning off TSC clock.
[    0.256000] tsc: Marking TSC unstable due to check_tsc_sync_source failed
[    0.264476] smp: Brought up 1 node, 2 CPUs
[    0.268013] smpboot: Max logical packages: 1
[    0.272018] smpboot: Total of 2 processors activated (9199.69 BogoMIPS)
[    0.284440] devtmpfs: initialized
[    0.288455] x86/mm: Memory block size: 128MB
[    0.296850] evm: security.selinux
[    0.304009] evm: security.SMACK64
[    0.308009] evm: security.SMACK64EXEC
[    0.316008] evm: security.SMACK64TRANSMUTE
[    0.324016] evm: security.SMACK64MMAP
[    0.332011] evm: security.apparmor
[    0.340009] evm: security.ima
[    0.344010] evm: security.capability
[    0.356949] clocksource: jiffies: mask: 0xffffffff max_cycles: 0xffffffff, max_idle_ns: 7645041785100000 ns
[    0.360027] futex hash table entries: 512 (order: 3, 32768 bytes)
[    0.364513] pinctrl core: initialized pinctrl subsystem
[    0.369133] RTC time:  3:49:30, date: 09/26/21
[    0.376415] NET: Registered protocol family 16
[    0.380299] audit: initializing netlink subsys (disabled)
[    0.384427] audit: type=2000 audit(1632628177.221:1): state=initialized audit_enabled=0 res=1
[    0.396130] cpuidle: using governor ladder
[    0.404382] cpuidle: using governor menu
[    0.416320] ACPI: bus type PCI registered
[    0.420019] acpiphp: ACPI Hot Plug PCI Controller Driver version: 0.5
[    0.428564] PCI: Using configuration type 1 for base access
[    0.432011] PCI: Using configuration type 1 for extended access
[    0.444680] HugeTLB registered 2.00 MiB page size, pre-allocated 0 pages
[    0.456714] ACPI: Added _OSI(Module Device)
[    0.460133] ACPI: Added _OSI(Processor Device)
[    0.464016] ACPI: Added _OSI(3.0 _SCP Extensions)
[    0.468031] ACPI: Added _OSI(Processor Aggregator Device)
[    0.476023] ACPI: Added _OSI(Linux-Dell-Video)
[    0.480136] ACPI: Added _OSI(Linux-Lenovo-NV-HDMI-Audio)
[    0.484051] ACPI: Added _OSI(Linux-HPI-Hybrid-Graphics)
[    0.489354] ACPI: Executed 1 blocks of module-level executable AML code
[    0.503106] ACPI: Interpreter enabled
[    0.504038] ACPI: (supports S0 S5)
[    0.508012] ACPI: Using IOAPIC for interrupt routing
[    0.512702] PCI: Using host bridge windows from ACPI; if necessary, use "pci=nocrs" and report a bug
[    0.516517] ACPI: Enabled 2 GPEs in block 00 to 07
[    0.543082] ACPI: PCI Root Bridge [PCI0] (domain 0000 [bus 00-ff])
[    0.544032] acpi PNP0A03:00: _OSC: OS supports [ExtendedConfig ASPM ClockPM Segments MSI]
[    0.550344] acpi PNP0A03:00: _OSC: platform does not support [PCIeCapability]
[    0.556045] acpi PNP0A03:00: _OSC: not requesting control; platform does not support [PCIeCapability]
[    0.560017] acpi PNP0A03:00: _OSC: OS requested [PCIeHotplug PME AER PCIeCapability]
[    0.564013] acpi PNP0A03:00: _OSC: platform willing to grant [PCIeHotplug PME AER]
[    0.568012] acpi PNP0A03:00: _OSC failed (AE_SUPPORT); disabling ASPM
[    0.573045] PCI host bridge to bus 0000:00
[    0.576015] pci_bus 0000:00: root bus resource [io  0x0000-0x0cf7 window]
[    0.580013] pci_bus 0000:00: root bus resource [io  0x0d00-0xffff window]
[    0.584022] pci_bus 0000:00: root bus resource [mem 0x000a0000-0x000bffff window]
[    0.588014] pci_bus 0000:00: root bus resource [mem 0x40000000-0xfdffffff window]
[    0.592019] pci_bus 0000:00: root bus resource [bus 00-ff]
[    0.606131] pci 0000:00:01.1: legacy IDE quirk: reg 0x10: [io  0x01f0-0x01f7]
[    0.608010] pci 0000:00:01.1: legacy IDE quirk: reg 0x14: [io  0x03f6]
[    0.612025] pci 0000:00:01.1: legacy IDE quirk: reg 0x18: [io  0x0170-0x0177]
[    0.616012] pci 0000:00:01.1: legacy IDE quirk: reg 0x1c: [io  0x0376]
[    0.692544] pci 0000:00:07.0: quirk: [io  0x4000-0x403f] claimed by PIIX4 ACPI
[    0.696067] pci 0000:00:07.0: quirk: [io  0x4100-0x410f] claimed by PIIX4 SMB
[    0.721614] ACPI: PCI Interrupt Link [LNKA] (IRQs 5 9 10 *11)
[    0.724784] ACPI: PCI Interrupt Link [LNKB] (IRQs 5 9 *10 11)
[    0.728359] ACPI: PCI Interrupt Link [LNKC] (IRQs 5 *9 10 11)
[    0.732366] ACPI: PCI Interrupt Link [LNKD] (IRQs 5 9 10 *11)
[    0.737265] SCSI subsystem initialized
[    0.744401] pci 0000:00:02.0: vgaarb: setting as boot VGA device
[    0.748000] pci 0000:00:02.0: vgaarb: VGA device added: decodes=io+mem,owns=io+mem,locks=none
[    0.748024] pci 0000:00:02.0: vgaarb: bridge control possible
[    0.752016] vgaarb: loaded
[    0.756263] ACPI: bus type USB registered
[    0.760081] usbcore: registered new interface driver usbfs
[    0.764042] usbcore: registered new interface driver hub
[    0.768114] usbcore: registered new device driver usb
[    0.776024] EDAC MC: Ver: 3.0.0
[    0.788348] PCI: Using ACPI for IRQ routing
[    0.804506] NetLabel: Initializing
[    0.816011] NetLabel:  domain hash size = 128
[    0.828007] NetLabel:  protocols = UNLABELED CIPSOv4 CALIPSO
[    0.844046] NetLabel:  unlabeled traffic allowed by default
[    0.864022] clocksource: Switched to clocksource kvm-clock
[    0.881469] VFS: Disk quotas dquot_6.6.0
[    0.881469] VFS: Dquot-cache hash table entries: 512 (order 0, 4096 bytes)
[    0.881469] AppArmor: AppArmor Filesystem Enabled
[    0.881469] pnp: PnP ACPI init
[    0.881469] pnp: PnP ACPI: found 3 devices
[    1.118262] clocksource: acpi_pm: mask: 0xffffff max_cycles: 0xffffff, max_idle_ns: 2085701024 ns
[    1.120242] NET: Registered protocol family 2
[    1.138871] TCP established hash table entries: 8192 (order: 4, 65536 bytes)
[    1.145970] TCP bind hash table entries: 8192 (order: 5, 131072 bytes)
[    1.149571] TCP: Hash tables configured (established 8192 bind 8192)
[    1.149571] UDP hash table entries: 512 (order: 2, 16384 bytes)
[    1.149571] UDP-Lite hash table entries: 512 (order: 2, 16384 bytes)
[    1.149571] NET: Registered protocol family 1
[    1.191275] pci 0000:00:00.0: Limiting direct PCI/PCI transfers
[    1.195128] pci 0000:00:01.0: Activating ISA DMA hang workarounds
[    1.211251] pci 0000:00:02.0: Video device with shadowed ROM at [mem 0x000c0000-0x000dffff]
[    1.214967] Unpacking initramfs...
[    2.432135] Freeing initrd memory: 19520K
[    2.437318] clocksource: tsc: mask: 0xffffffffffffffff max_cycles: 0x2126ed38629, max_idle_ns: 440795218029 ns
[    2.446633] platform rtc_cmos: registered platform RTC device (no PNP device found)
[    2.454287] Scanning for low memory corruption every 60 seconds
[    2.462752] Initialise system trusted keyrings
[    2.469955] Key type blacklist registered
[    2.474584] workingset: timestamp_bits=36 max_order=18 bucket_order=0
[    2.483051] zbud: loaded
[    2.487546] squashfs: version 4.0 (2009/01/31) Phillip Lougher
[    2.495129] fuse init (API version 7.26)
[    2.555385] Key type asymmetric registered
[    2.562814] Asymmetric key parser 'x509' registered
[    2.571718] Block layer SCSI generic (bsg) driver version 0.4 loaded (major 246)
[    2.584834] io scheduler noop registered
[    2.588537] io scheduler deadline registered
[    2.593552] io scheduler cfq registered (default)
[    2.605578] ACPI: AC Adapter [AC] (on-line)
[    2.613102] input: Power Button as /devices/LNXSYSTM:00/LNXPWRBN:00/input/input0
[    2.628771] ACPI: Power Button [PWRF]
[    2.635477] input: Sleep Button as /devices/LNXSYSTM:00/LNXSLPBN:00/input/input1
[    2.646710] ACPI: Sleep Button [SLPF]
[    2.655631] Serial: 8250/16550 driver, 32 ports, IRQ sharing enabled
[    2.658310] ACPI: Battery Slot [BAT0] (battery present)
[    2.717011] 00:02: ttyS0 at I/O 0x3f8 (irq = 4, base_baud = 115200) is a 16550A
[    2.761623] Linux agpgart interface v0.103
[    2.783495] loop: module loaded
[    2.799666] scsi host0: ata_piix
[    2.810678] scsi host1: ata_piix
[    2.819349] ata1: PATA max UDMA/33 cmd 0x1f0 ctl 0x3f6 bmdma 0xd000 irq 14
[    2.836431] ata2: PATA max UDMA/33 cmd 0x170 ctl 0x376 bmdma 0xd008 irq 15
[    2.853042] libphy: Fixed MDIO Bus: probed
[    2.864926] tun: Universal TUN/TAP device driver, 1.6
[    2.878949] PPP generic driver version 2.4.2
[    2.892523] ehci_hcd: USB 2.0 'Enhanced' Host Controller (EHCI) Driver
[    2.911257] ehci-pci: EHCI PCI platform driver
[    2.923307] ehci-platform: EHCI generic platform driver
[    2.937459] ohci_hcd: USB 1.1 'Open' Host Controller (OHCI) Driver
[    2.955522] ohci-pci: OHCI PCI platform driver
[    2.969360] ohci-platform: OHCI generic platform driver
[    2.982449] uhci_hcd: USB Universal Host Controller Interface driver
[    2.999415] i8042: PNP: PS/2 Controller [PNP0303:PS2K,PNP0f03:PS2M] at 0x60,0x64 irq 1,12
[    3.030448] serio: i8042 KBD port at 0x60,0x64 irq 1
[    3.042894] serio: i8042 AUX port at 0x60,0x64 irq 12
[    3.064631] mousedev: PS/2 mouse device common for all mice
[    3.082586] rtc_cmos rtc_cmos: rtc core: registered rtc_cmos as rtc0
[    3.097753] rtc_cmos rtc_cmos: alarms up to one day, 114 bytes nvram
[    3.112738] i2c /dev entries driver
[    3.123014] device-mapper: uevent: version 1.0.3
[    3.135851] device-mapper: ioctl: 4.37.0-ioctl (2017-09-20) initialised: dm-devel@redhat.com
[    3.155348] ledtrig-cpu: registered to indicate activity on CPUs
[    3.170064] input: AT Translated Set 2 keyboard as /devices/platform/i8042/serio0/input/input2
[    3.170608] NET: Registered protocol family 10
[    3.215687] Segment Routing with IPv6
[    3.223324] NET: Registered protocol family 17
[    3.231790] Key type dns_resolver registered
[    3.244715] mce: Using 0 MCE banks
[    3.249711] RAS: Correctable Errors collector initialized.
[    3.262972] sched_clock: Marking stable (3262818992, 0)->(4730735999, -1467917007)
[    3.292796] registered taskstats version 1
[    3.299344] Loading compiled-in X.509 certificates
[    3.321408] Loaded X.509 cert 'Build time autogenerated kernel key: 369b16149153afe509b010c5493c788cd1d7da9f'
[    3.340552] Loaded X.509 cert 'Canonical Ltd. Live Patch Signing: 14df34d1a87cf37625abec039ef2bf521249b969'
[    3.367686] Loaded X.509 cert 'Canonical Ltd. Kernel Module Signing: 88f752e560a1e0737e31163a466ad7b70a850c19'
[    3.382648] zswap: loaded using pool lzo/zbud
[    3.416554] Key type big_key registered
[    3.425167] Key type trusted registered
[    3.437379] Key type encrypted registered
[    3.442848] AppArmor: AppArmor sha1 policy hashing enabled
[    3.450072] ima: No TPM chip found, activating TPM-bypass! (rc=-19)
[    3.459248] ima: Allocated hash algorithm: sha1
[    3.464523] evm: HMAC attrs: 0x1
[    3.472060]   Magic number: 5:77:817
[    3.480538] rtc_cmos rtc_cmos: setting system clock to 2021-09-26 03:49:34 UTC (1632628174)
[    3.493958] BIOS EDD facility v0.16 2004-Jun-25, 0 devices found
[    3.500522] EDD information not available.
[    3.509383] Freeing unused kernel image memory: 2448K
[    3.531196] Write protecting the kernel read-only data: 20480k
[    3.540345] Freeing unused kernel image memory: 2008K
[    3.547447] Freeing unused kernel image memory: 1824K
[    3.564596] x86/mm: Checked W+X mappings: passed, no W+X pages found.
Loading, please wait...
starting version 237
[    3.681905] e1000: Intel(R) PRO/1000 Network Driver - version 7.3.21-k8-NAPI
[    3.692787] e1000: Copyright (c) 1999-2006 Intel Corporation.
[    3.706058] Fusion MPT base driver 3.04.20
[    3.719642] Copyright (c) 1999-2008 LSI Corporation
[    3.733943] Fusion MPT SPI Host driver 3.04.20
[    3.993286] input: ImExPS/2 Generic Explorer Mouse as /devices/platform/i8042/serio1/input/input4
[    4.461656] e1000 0000:00:03.0 eth0: (PCI:33MHz:32-bit) 02:8f:10:d1:b0:9c
[    4.468266] e1000 0000:00:03.0 eth0: Intel(R) PRO/1000 Network Connection
[    4.478942] mptbase: ioc0: Initiating bringup
[    4.781618] ioc0: LSI53C1030 A0: Capabilities={Initiator}
[    5.057499] scsi host2: ioc0: LSI53C1030 A0, FwRev=00000000h, Ports=1, MaxQ=256, IRQ=20
[    5.247603] scsi 2:0:0:0: Direct-Access     VBOX     HARDDISK         1.0  PQ: 0 ANSI: 5
[    5.644511] scsi target2:0:0: Beginning Domain Validation
[    5.669060] scsi target2:0:0: Domain Validation skipping write tests
[    5.681130] scsi target2:0:0: Ending Domain Validation
[    5.690719] scsi target2:0:0: asynchronous
[    5.702613] random: fast init done
[    5.709691] scsi 2:0:1:0: Direct-Access     VBOX     HARDDISK         1.0  PQ: 0 ANSI: 5
[    6.090041] scsi target2:0:1: Beginning Domain Validation
[    6.108423] scsi target2:0:1: Domain Validation skipping write tests
[    6.114380] scsi target2:0:1: Ending Domain Validation
[    6.122117] scsi target2:0:1: asynchronous
[    6.179702] sd 2:0:0:0: Attached scsi generic sg0 type 0
[    6.180438] random: systemd-udevd: uninitialized urandom read (16 bytes read)
[    6.192975] e1000 0000:00:08.0 eth1: (PCI:33MHz:32-bit) 08:00:27:3d:56:73
[    6.202515] sd 2:0:0:0: [sda] 83886080 512-byte logical blocks: (42.9 GB/40.0 GiB)
[    6.208114] e1000 0000:00:08.0 eth1: Intel(R) PRO/1000 Network Connection
[    6.227322] sd 2:0:1:0: Attached scsi generic sg1 type 0
[    6.247917] sd 2:0:1:0: [sdb] 20480 512-byte logical blocks: (10.5 MB/10.0 MiB)
[    6.248270] random: systemd-udevd: uninitialized urandom read (16 bytes read)
[    6.265651] sd 2:0:0:0: [sda] Write Protect is off
[    6.277836] random: systemd-udevd: uninitialized urandom read (16 bytes read)
[    6.292146] sd 2:0:1:0: [sdb] Write Protect is off
[    6.293763] e1000 0000:00:08.0 enp0s8: renamed from eth1
[    6.308184] sd 2:0:0:0: [sda] Incomplete mode parameter data
[    6.313598] sd 2:0:0:0: [sda] Assuming drive cache: write through
[    6.317311] sd 2:0:1:0: [sdb] Incomplete mode parameter data
[    6.330399] sd 2:0:1:0: [sdb] Assuming drive cache: write through
[    6.348953]  sda: sda1
[    6.361373] sd 2:0:1:0: [sdb] Attached SCSI disk
[    6.370771] e1000 0000:00:03.0 enp0s3: renamed from eth0
[    6.378395] sd 2:0:0:0: [sda] Attached SCSI disk
Begin: Loading essential drivers ... [    8.960524] raid6: sse2x1   gen()  6128 MB/s
[    9.012093] raid6: sse2x1   xor()  4901 MB/s
[    9.064184] raid6: sse2x2   gen() 12035 MB/s
[    9.118621] raid6: sse2x2   xor()  5326 MB/s
[    9.172528] raid6: sse2x4   gen() 10369 MB/s
[    9.224307] raid6: sse2x4   xor()  6139 MB/s
[    9.229869] raid6: using algorithm sse2x2 gen() 12035 MB/s
[    9.236646] raid6: .... xor() 5326 MB/s, rmw enabled
[    9.241421] raid6: using ssse3x2 recovery algorithm
[    9.248776] xor: measuring software checksum speed
[    9.292682]    prefetch64-sse: 13548.000 MB/sec
[    9.336778]    generic_sse: 11293.000 MB/sec
[    9.342680] xor: using function: prefetch64-sse (13548.000 MB/sec)
[    9.354003] async_tx: api initialized (async)
done.
Begin: Running /scripts/init-premount ... done.
Begin: Mounting root file system ... Begin: Running /scripts/local-top ... done.
Begin: Running /scripts/local-premount ... [    9.462791] Btrfs loaded, crc32c=crc32c-intel
Scanning for Btrfs filesystems
done.
Warning: fsck not present, so skipping root file system
[    9.552984] EXT4-fs (sda1): mounted filesystem with ordered data mode. Opts: (null)
done.
Begin: Running /scripts/local-bottom ... done.
Begin: Running /scripts/init-bottom ... done.
[    9.850289] ip_tables: (C) 2000-2006 Netfilter Core Team
[    9.879067] systemd[1]: systemd 237 running in system mode. (+PAM +AUDIT +SELINUX +IMA +APPARMOR +SMACK +SYSVINIT +UTMP +LIBCRYPTSETUP +GCRYPT +GNUTLS +ACL +XZ +LZ4 +SECCOMP +BLKID +ELFUTILS +KMOD -IDN2 +IDN -PCRE2 default-hierarchy=hybrid)
[    9.902168] systemd[1]: Detected virtualization oracle.
[    9.907293] systemd[1]: Detected architecture x86-64.

Welcome to [1mUbuntu 18.04.5 LTS[0m!

[    9.960600] systemd[1]: Set hostname to <ubuntu>.
[    9.977729] systemd[1]: Initializing machine ID from random generator.
[    9.987374] systemd[1]: Installed transient /etc/machine-id file.
[   10.546495] systemd[1]: Reached target Swap.
[[0;32m  OK  [0m] Reached target Swap.
[   10.576407] systemd[1]: Created slice System Slice.
[[0;32m  OK  [0m] Created slice System Slice.
[   10.589309] systemd[1]: Listening on Syslog Socket.
[[0;32m  OK  [0m] Listening on Syslog Socket.
[   10.601366] systemd[1]: Listening on Network Service Netlink Socket.
[[0;32m  OK  [0m] Listening on Network Service Netlink Socket.
[[0;32m  OK  [0m] Listening on fsck to fsckd communication Socket.
[[0;32m  OK  [0m] Listening on udev Control Socket.
[[0;32m  OK  [0m] Listening on LVM2 poll daemon socket.
[[0;32m  OK  [0m] Listening on Device-mapper event daemon FIFOs.
[[0;32m  OK  [0m] Listening on Journal Socket.
         Mounting Huge Pages File System...
         Starting Load Kernel Modules...
         Mounting Kernel Debug File System...
         Starting Uncomplicated firewall...
         Mounting POSIX Message Queue File System...
         Starting Set the console keyboard layout...
[   10.691989] Loading iSCSI transport class v2.0-870.
[[0;32m  OK  [0m] Listening on /dev/initctl Compatibility Named Pipe.
[[0;32m  OK  [0m] Reached target User and Group Name Lookups.
[[0;32m  OK  [0m] Created slice system-serial\x2dgetty.slice.
[[0;32m  OK  [0m] Set up automount Arbitrary Executabâ€¦rmats File System Automount Point.
[[0;32m  OK  [0m] Reached target System Time Synchronized.
[   10.726470] iscsi: registered transport (tcp)
[   10.766235] iscsi: registered transport (iser)
[[0;32m  OK  [0m] Created slice User and Session Slice.
[[0;32m  OK  [0m] Started Forward Password Requests to Wall Directory Watch.
[[0;32m  OK  [0m] Listening on Journal Audit Socket.
[[0;32m  OK  [0m] Listening on udev Kernel Socket.
         Starting udev Coldplug all Devices...
         Starting Create list of required stâ€¦ce nodes for the current kernel...
[[0;32m  OK  [0m] Listening on Journal Socket (/dev/log).
         Starting Journal Service...
         Starting File System Check on Root Device...
[[0;32m  OK  [0m] Listening on LVM2 metadata daemon socket.
         Starting Monitoring of LVM2 mirrorsâ€¦ng dmeventd or progress polling...
[[0;32m  OK  [0m] Reached target Slices.
[[0;32m  OK  [0m] Mounted Huge Pages File System.
[[0;32m  OK  [0m] Started Load Kernel Modules.
[[0;32m  OK  [0m] Mounted Kernel Debug File System.
[[0;32m  OK  [0m] Started Uncomplicated firewall.
[[0;32m  OK  [0m] Mounted POSIX Message Queue File System.
[[0;32m  OK  [0m] Started Create list of required staâ€¦vice nodes for the current kernel.
         Starting Create Static Device Nodes in /dev...
         Mounting FUSE Control File System...
         Starting Apply Kernel Variables...
         Mounting Kernel Configuration File System...
[[0;32m  OK  [0m] Started File System Check Daemon to report status.
[[0;32m  OK  [0m] Mounted FUSE Control File System.
[[0;32m  OK  [0m] Mounted Kernel Configuration File System.
[[0;32m  OK  [0m] Started udev Coldplug all Devices.
[[0;32m  OK  [0m] Started LVM2 metadata daemon.
[[0;32m  OK  [0m] Started Journal Service.
[[0;32m  OK  [0m] Started Create Static Device Nodes in /dev.
[[0;32m  OK  [0m] Started File System Check on Root Device.
         Starting Remount Root and Kernel File Systems...
[[0;32m  OK  [0m] Started Apply Kernel Variables.
[[0;32m  OK  [0m] Started Monitoring of LVM2 mirrors,â€¦sing dmeventd or progress polling.
[[0;32m  OK  [0m] Started Remount Root and Kernel File Systems.
         Starting udev Kernel Device Manager...
         Starting Flush Journal to Persistent Storage...
         Starting Load/Save Random Seed...
[[0;32m  OK  [0m] Started Load/Save Random Seed.
[[0;32m  OK  [0m] Started udev Kernel Device Manager.
[[0;32m  OK  [0m] Started Flush Journal to Persistent Storage.
[[0;32m  OK  [0m] Found device /dev/ttyS0.
[[0;32m  OK  [0m] Listening on Load/Save RF Kill Switch Status /dev/rfkill Watch.
[[0;32m  OK  [0m] Started Set the console keyboard layout.
[[0;32m  OK  [0m] Started Dispatch Password Requests to Console Directory Watch.
[[0;32m  OK  [0m] Reached target Local Encrypted Volumes.
[[0;32m  OK  [0m] Reached target Local File Systems (Pre).
[[0;32m  OK  [0m] Reached target Local File Systems.
         Starting Commit a transient machine-id on disk...
         Starting AppArmor initialization...
         Starting Create Volatile Files and Directories...
         Starting ebtables ruleset management...
         Starting Set console font and keymap...
         Starting Tell Plymouth To Write Out Runtime Data...
[[0;32m  OK  [0m] Started Set console font and keymap.
[[0;32m  OK  [0m] Started Tell Plymouth To Write Out Runtime Data.
[[0;32m  OK  [0m] Started Create Volatile Files and Directories.
         Starting Update UTMP about System Boot/Shutdown...
[[0;32m  OK  [0m] Started Update UTMP about System Boot/Shutdown.
[[0;32m  OK  [0m] Started Commit a transient machine-id on disk.
[[0;32m  OK  [0m] Started ebtables ruleset management.
[[0;32m  OK  [0m] Started AppArmor initialization.
         Starting Initial cloud-init job (pre-networking)...
         Starting Load AppArmor profiles managed internally by snapd...
[[0;32m  OK  [0m] Started Load AppArmor profiles managed internally by snapd.
[   16.217499] cloud-init[577]: Cloud-init v. 21.2-3-g899bfaa9-0ubuntu2~18.04.1 running 'init-local' at Sun, 26 Sep 2021 03:49:46 +0000. Up 15.52 seconds.
[[0;32m  OK  [0m] Started Initial cloud-init job (pre-networking).
[[0;32m  OK  [0m] Reached target Network (Pre).
         Starting Network Service...
[[0;32m  OK  [0m] Started Network Service.
         Starting Network Name Resolution...
         Starting Wait for Network to be Configured...
[[0;32m  OK  [0m] Started Network Name Resolution.
[[0;32m  OK  [0m] Reached target Network.
[[0;32m  OK  [0m] Reached target Host and Network Name Lookups.
[[0;32m  OK  [0m] Started Wait for Network to be Configured.
         Starting Initial cloud-init job (metadata service crawler)...
[   18.964229] cloud-init[691]: Cloud-init v. 21.2-3-g899bfaa9-0ubuntu2~18.04.1 running 'init' at Sun, 26 Sep 2021 03:49:49 +0000. Up 18.74 seconds.
[   18.975586] cloud-init[691]: ci-info: ++++++++++++++++++++++++++++++++++++++Net device info+++++++++++++++++++++++++++++++++++++++
[   18.983615] cloud-init[691]: ci-info: +--------+-------+----------------------------+---------------+--------+-------------------+
[   18.990002] cloud-init[691]: ci-info: | Device |   Up  |          Address           |      Mask     | Scope  |     Hw-Address    |
[   18.998390] cloud-init[691]: ci-info: +--------+-------+----------------------------+---------------+--------+-------------------+
[   19.005016] cloud-init[691]: ci-info: | enp0s3 |  True |         10.0.2.15          | 255.255.255.0 | global | 02:8f:10:d1:b0:9c |
[   19.011257] cloud-init[691]: ci-info: | enp0s3 |  True | fe80::8f:10ff:fed1:b09c/64 |       .       |  link  | 02:8f:10:d1:b0:9c |
[   19.021240] cloud-init[691]: ci-info: | enp0s8 | False |             .              |       .       |   .    | 08:00:27:3d:56:73 |
[   19.029571] cloud-init[691]: ci-info: |   lo   |  True |         127.0.0.1          |   255.0.0.0   |  host  |         .         |
[   19.038086] cloud-init[691]: ci-info: |   lo   |  True |          ::1/128           |       .       |  host  |         .         |
[   19.046615] cloud-init[691]: ci-info: +--------+-------+----------------------------+---------------+--------+-------------------+
[   19.054610] cloud-init[691]: ci-info: ++++++++++++++++++++++++++++Route IPv4 info+++++++++++++++++++++++++++++
[   19.058730] cloud-init[691]: ci-info: +-------+-------------+----------+-----------------+-----------+-------+
[   19.063010] cloud-init[691]: ci-info: | Route | Destination | Gateway  |     Genmask     | Interface | Flags |
[   19.068701] cloud-init[691]: ci-info: +-------+-------------+----------+-----------------+-----------+-------+
[   19.075838] cloud-init[691]: ci-info: |   0   |   0.0.0.0   | 10.0.2.2 |     0.0.0.0     |   enp0s3  |   UG  |
[   19.083299] cloud-init[691]: ci-info: |   1   |   10.0.2.0  | 0.0.0.0  |  255.255.255.0  |   enp0s3  |   U   |
[   19.090766] cloud-init[691]: ci-info: |   2   |   10.0.2.2  | 0.0.0.0  | 255.255.255.255 |   enp0s3  |   UH  |
[   19.097884] cloud-init[691]: ci-info: +-------+-------------+----------+-----------------+-----------+-------+
[   19.105151] cloud-init[691]: ci-info: +++++++++++++++++++Route IPv6 info+++++++++++++++++++
[   19.110335] cloud-init[691]: ci-info: +-------+-------------+---------+-----------+-------+
[   19.115499] cloud-init[691]: ci-info: | Route | Destination | Gateway | Interface | Flags |
[   19.121195] cloud-init[691]: ci-info: +-------+-------------+---------+-----------+-------+
[   19.126685] cloud-init[691]: ci-info: |   1   |  fe80::/64  |    ::   |   enp0s3  |   U   |
[   19.131481] cloud-init[691]: ci-info: |   3   |    local    |    ::   |   enp0s3  |   U   |
[   19.137394] cloud-init[691]: ci-info: |   4   |   ff00::/8  |    ::   |   enp0s3  |   U   |
[   19.141014] cloud-init[691]: ci-info: +-------+-------------+---------+-----------+-------+
[   20.751647] cloud-init[691]: Generating public/private rsa key pair.
[   20.758319] cloud-init[691]: Your identification has been saved in /etc/ssh/ssh_host_rsa_key.
[   20.765156] cloud-init[691]: Your public key has been saved in /etc/ssh/ssh_host_rsa_key.pub.
[   20.771617] cloud-init[691]: The key fingerprint is:
[   20.775962] cloud-init[691]: SHA256:a/OkBy2PFWPGFAoVAHAlBOEtplnWKOKGD+N6zquWk1o root@ubuntu-bionic
[   20.783445] cloud-init[691]: The key's randomart image is:
[   20.788061] cloud-init[691]: +---[RSA 2048]----+
[   20.792836] cloud-init[691]: |  +==o+oo...     |
[   20.797073] cloud-init[691]: | . = . . ..      |
[   20.802206] cloud-init[691]: |o B o   .o       |
[   20.810624] cloud-init[691]: |+B .      *      |
[   20.819568] cloud-init[691]: |*o      S+ o     |
[   20.828872] cloud-init[691]: |o+      o.o      |
[   20.835283] cloud-init[691]: | .E     +*.      |
[   20.841827] cloud-init[691]: |.B.    ..=o      |
[   20.849423] cloud-init[691]: |*+=.    ...      |
[   20.859275] cloud-init[691]: +----[SHA256]-----+
[   20.869739] [[0;32m  OK  [0m] Started Initial cloud-init job (metadata service crawler).
[[0;32m  OK  [0m] Reached target Network is Online.
cloud-init[[0;32m  OK  [0m] Reached target Remote File Systems (Pre).
[[0;32m  OK  [0m] Reached target Remote File Systems.
         Starting Availability of block devices...
[[0;32m  OK  [0m] Reached target Cloud-config availability.
[[0;32m  OK  [0m] Reached target System Initialization.
[[0;32m  OK  [0m] Started Daily Cleanup of Temporary Directories.
[[0;32m  OK  [0m] Started Message of the Day.
[[0;32m  OK  [0m] Started Daily apt download activities.
[691]: Generating public/private dsa key pair.
[   20.885610] cloud-init[691]: Your identification has been saved in /etc/ssh/ssh_host_dsa_key.
[   20.886616] cloud-init[691]: Your public key has been saved in /etc/ssh/ssh_host_dsa_key.pub.
[   20.887587] cloud-init[691]: The key fingerprint is:
[   20.889470] cloud-init[691]: SHA256:S1umGJEhLifxFiRnhFVwSZ4ynCbDz1qic1wvKJpFrvI root@ubuntu-bionic
[   20.890257] cloud-init[691]: The key's randomart image is:
[   20.891104] cloud-init[691]: +---[DSA 1024]----+
[   20.891960] cloud-init[691]: |  o=X+=.         |
[   20.893881] cloud-init[691]: | ..O *.+         |
[   20.894727] cloud-init[691]: |  * @ =          |
[[0;32m  OK  [0m] Listening on Open-iSCSI iscsid Socket.
[[0;32m  OK  [0m] Listening on ACPID Listen Socket.
[   20.895607] cloud-init[691]: |   @ o .         |
[[0;32m  OK  [0m] Started ACPI Events Check.
[   20.938822] cloud-init[691]: |  o = . S o      |
[   20.946860] cloud-init[691]: | = * . + *       |
[[0;32m  OK  [0m] [   20.951266] cloud-init[691]: |+ B . o +        |
[   20.955146] cloud-init[691]: |oB   .           |
[   20.955511] cloud-init[691]: |=.E              |
[   20.955923] cloud-init[691]: +----[SHA256]-----+
[   20.956832] cloud-init[691]: Generating public/private ecdsa key pair.
[   20.957256] cloud-init[691]: Your identification has been saved in /etc/ssh/ssh_host_ecdsa_key.
[   20.957698] cloud-init[691]: Your public key has been saved in /etc/ssh/ssh_host_ecdsa_key.pub.
[   20.957735] cloud-init[691]: The key fingerprint is:
[   20.957777] cloud-init[691]: SHA256:JEDXxbQ+fYTf/JWe7oETYGsyKZOBUdETqodsFEGoaZk root@ubuntu-bionic
[   20.957812] cloud-init[691]: The key's randomart image is:
[   20.957844] cloud-init[691]: +---[ECDSA 256]---+
[   20.958317] cloud-init[691]: |   .==++o=+      |
[   20.958738] cloud-init[691]: |   . o+ oo.. .   |
[   20.959148] cloud-init[691]: |  =  o.o. oo. .  |
[   20.959522] cloud-init[691]: | E  o ooo.o.oo o.|
[   20.959887] cloud-init[691]: |.    = =S+oo..o.+|
[   20.960710] cloud-init[691]: |    . . o +. .+ +|
[   20.961085] cloud-init[691]: |             o +.|
[   20.961441] cloud-init[691]: |              o .|
[   20.961823] cloud-init[691]: |              .o |
[   20.962286] cloud-init[691]: +----[SHA256]-----+
[   20.962664] cloud-init[691]: Generating public/private ed25519 key pair.
[   20.963077] cloud-init[691]: Your identification has been saved in /etc/ssh/ssh_host_ed25519_key.
[   20.963566] cloud-init[691]: Your public key has been saved in /etc/ssh/ssh_host_ed25519_key.pub.
[   20.965408] cloud-init[691]: The key fingerprint is:
[   20.966242] cloud-init[691]: SHA256:OrcG+6G5Lv4x2Q7LPNeIxC+gKTSLgIFYsX0Op12QZcA root@ubuntu-bionic
[   20.969938] cloud-init[691]: The key's randomart image is:
[   20.970584] cloud-init[691]: +--[ED25519 256]--+
[   20.971576] cloud-init[691]: |  .. .o+o        |
[   20.973573] cloud-init[691]: |  .o  Eo         |
[   20.974535] cloud-init[691]: |o.. o o .        |
[   20.975687] cloud-init[691]: |+    B .         |
[   20.977661] cloud-init[691]: |..  ..o S        |
[   20.978474] cloud-init[691]: |oo  . ++         |
[   20.979481] cloud-init[691]: |+ oo oB=+o       |
[   20.981585] cloud-init[691]: |o.o .o=@=o.      |
[   20.982572] cloud-init[691]: | . ..+XB+        |
[   20.983382] cloud-init[691]: +----[SHA256]-----+
Started Daily apt upgrade and clean activities.
[[0;32m  OK  [0m] Started Discard unused blocks once a week.
         Starting Socket activation for snappy daemon.
[[0;32m  OK  [0m] Listening on UUID daemon activation socket.
[[0;32m  OK  [0m] Listening on D-Bus System Message Bus Socket.
[[0;32m  OK  [0m] Started Ubuntu Advantage update messaging.
[[0;32m  OK  [0m] Reached target Timers.
         Starting LXD - unix socket.
[[0;32m  OK  [0m] Reached target Paths.
[[0;32m  OK  [0m] Started Availability of block devices.
[[0;32m  OK  [0m] Listening on Socket activation for snappy daemon.
[[0;32m  OK  [0m] Listening on LXD - unix socket.
[[0;32m  OK  [0m] Reached target Sockets.
[[0;32m  OK  [0m] Reached target Basic System.
[[0;32m  OK  [0m] Started D-Bus System Message Bus.
         Starting LSB: Record successful boot for GRUB...
         Starting LXD - container startup/shutdown...
         Starting Dispatcher daemon for systemd-networkd...
[[0;32m  OK  [0m] Started FUSE filesystem for LXC.
[[0;32m  OK  [0m] Started irqbalance daemon.
         Starting Permit User Sessions...
         Starting LSB: automatic crash report generation...
         Starting Pollinate to seed the pseudo random number generator...
[[0;32m  OK  [0m] Started Deferred execution scheduler.
         Starting Accounts Service...
         Starting Login Service...
         Starting Virtualbox guest utils...
[[0;32m  OK  [0m] Started Regular background program processing daemon.
         Starting System Logging Service...
         Starting Snap Daemon...
[[0;32m  OK  [0m] Started Permit User Sessions.
[[0;32m  OK  [0m] Started LXD - container startup/shutdown.
[[0;32m  OK  [0m] Started Login Service.
[[0;32m  OK  [0m] Started Unattended Upgrades Shutdown.
         Starting Authorization Manager...
         Starting Hold until boot process finishes up...
         Starting Terminate Plymouth Boot Screen...
[[0;32m  OK  [0m] Started Hold until boot process finishes up.
         Starting Set console scheme...
[[0;32m  OK  [0m] Started Serial Getty on ttyS0.
[[0;32m  OK  [0m] Started Terminate Plymouth Boot Screen.
[[0;32m  OK  [0m] Started System Logging Service.
[[0;32m  OK  [0m] Started Set console scheme.
[[0;32m  OK  [0m] Created slice system-getty.slice.
[[0;32m  OK  [0m] Started Getty on tty1.
[[0;32m  OK  [0m] Reached target Login Prompts.
[[0;32m  OK  [0m] Started LSB: automatic crash report generation.
[[0;32m  OK  [0m] Started LSB: Record successful boot for GRUB.
[[0;32m  OK  [0m] Started Authorization Manager.
[[0;32m  OK  [0m] Started Accounts Service.
[[0;32m  OK  [0m] Started Virtualbox guest utils.
[[0;32m  OK  [0m] Started Dispatcher daemon for systemd-networkd.
[[0;32m  OK  [0m] Started Snap Daemon.
         Starting Wait until snapd is fully seeded...
[[0;32m  OK  [0m] Started Pollinate to seed the pseudo random number generator.
         Starting OpenBSD Secure Shell server...
[[0;32m  OK  [0m] Started OpenBSD Secure Shell server.
[[0;32m  OK  [0m] Created slice User Slice of vagrant.
         Starting User Manager for UID 1000...
[[0;32m  OK  [0m] Started Session 1 of user vagrant.
[[0;32m  OK  [0m] Started User Manager for UID 1000.

Ubuntu 18.04.5 LTS ubuntu-bionic ttyS0

ubuntu-bionic login: [   29.701715] cloud-init[1369]: Cloud-init v. 21.2-3-g899bfaa9-0ubuntu2~18.04.1 running 'modules:config' at Sun, 26 Sep 2021 03:49:59 +0000. Up 28.95 seconds.
ci-info: no authorized SSH keys fingerprints found for user ubuntu.
<14>Sep 26 03:50:01 cloud-init: #############################################################
<14>Sep 26 03:50:01 cloud-init: -----BEGIN SSH HOST KEY FINGERPRINTS-----
<14>Sep 26 03:50:01 cloud-init: 1024 SHA256:S1umGJEhLifxFiRnhFVwSZ4ynCbDz1qic1wvKJpFrvI root@ubuntu-bionic (DSA)
<14>Sep 26 03:50:01 cloud-init: 256 SHA256:JEDXxbQ+fYTf/JWe7oETYGsyKZOBUdETqodsFEGoaZk root@ubuntu-bionic (ECDSA)
<14>Sep 26 03:50:01 cloud-init: 256 SHA256:OrcG+6G5Lv4x2Q7LPNeIxC+gKTSLgIFYsX0Op12QZcA root@ubuntu-bionic (ED25519)
<14>Sep 26 03:50:01 cloud-init: 2048 SHA256:a/OkBy2PFWPGFAoVAHAlBOEtplnWKOKGD+N6zquWk1o root@ubuntu-bionic (RSA)
<14>Sep 26 03:50:01 cloud-init: -----END SSH HOST KEY FINGERPRINTS-----
<14>Sep 26 03:50:01 cloud-init: #############################################################
-----BEGIN SSH HOST KEY KEYS-----
ecdsa-sha2-nistp256 AAAAE2VjZHNhLXNoYTItbmlzdHAyNTYAAAAIbmlzdHAyNTYAAABBBLqLDV/+Hgm4B22CpXX4G4dfPRkpvQZ9nQitr5lifzuruF/eR5oHWCdkV7nyT6mLViPYVcUp0bfpM82vRd7TBHU= root@ubuntu-bionic
ssh-ed25519 AAAAC3NzaC1lZDI1NTE5AAAAIPsv9by+tQlutJF1f/4Vxbi+ecGZ7PaeGk+uTndjx9v0 root@ubuntu-bionic
ssh-rsa AAAAB3NzaC1yc2EAAAADAQABAAABAQCqJ0TnoiMrOjZ7qwaOj2HeE/L01g+iALflsDrScCzONrG/OnMXKa+okdsLXPUOVfEaw9WIeMDkWYMGsNXapckVy5t4y16EGPzLz2X06RtHxCqDGiXIZZPeEPKXpL9G2JPYq16DEV2BLYkyabiQXA7yn+HWzhJub5jf/0jQYiUROc18Lu9/LPFajvT/Rr93LNaTFTNhXz1C72d/0Dn30Rj9GD7uXXwWD8u0rBXqnInitWWH/+8erpJLENZmYkvpKnNVK0GlOw53s6p1/mno9B6eKfaIYT8UzLa8WLIOJhtrUT6RE3ENBbtAg9DyEud+kSJkl/M2EOFmJoyh7UYESjTl root@ubuntu-bionic
-----END SSH HOST KEY KEYS-----
[   30.758317] cloud-init[1528]: Cloud-init v. 21.2-3-g899bfaa9-0ubuntu2~18.04.1 running 'modules:final' at Sun, 26 Sep 2021 03:50:01 +0000. Up 30.40 seconds.
[   30.767462] cloud-init[1528]: ci-info: no authorized SSH keys fingerprints found for user ubuntu.
[   30.783303] cloud-init[1528]: Cloud-init v. 21.2-3-g899bfaa9-0ubuntu2~18.04.1 finished at Sun, 26 Sep 2021 03:50:01 +0000. Datasource DataSourceNoCloud [seed=/dev/sdb][dsmode=net].  Up 30.74 seconds
